Downloading data:   0%|          | 0/100 [00:00<?, ?files/s]Downloading data: 100%|██████████| 100/100 [00:00<00:00, 284939.13files/s]
Generating train split: 0 examples [00:00, ? examples/s]Generating train split: 2807 examples [00:00, 27537.70 examples/s]Generating train split: 6206 examples [00:00, 30859.84 examples/s]Generating train split: 8774 examples [00:00, 30954.04 examples/s]
dataset: 100 eps / 8774 frames @ 20 fps
trainable params: 51.60 M
step      1/30000  loss 86.8113  grad 1390.416  0.5 steps/s
step    100/30000  loss 2.4016  grad 43.462  7.3 steps/s
step    200/30000  loss 1.9631  grad 34.142  7.6 steps/s
step    300/30000  loss 1.5382  grad 27.900  7.8 steps/s
step    400/30000  loss 1.3222  grad 27.355  7.9 steps/s
step    500/30000  loss 1.1800  grad 31.384  7.9 steps/s
step    600/30000  loss 1.0030  grad 22.271  8.0 steps/s
step    700/30000  loss 0.8952  grad 22.391  8.0 steps/s
step    800/30000  loss 0.7327  grad 22.907  8.0 steps/s
step    900/30000  loss 0.6562  grad 19.332  8.0 steps/s
step   1000/30000  loss 0.5391  grad 21.378  8.0 steps/s
step   1100/30000  loss 0.4816  grad 17.427  8.0 steps/s
step   1200/30000  loss 0.4077  grad 17.531  8.0 steps/s
step   1300/30000  loss 0.3632  grad 15.304  8.0 steps/s
step   1400/30000  loss 0.3106  grad 12.809  8.0 steps/s
step   1500/30000  loss 0.2957  grad 17.077  8.1 steps/s
step   1600/30000  loss 0.2318  grad 12.844  8.0 steps/s
step   1700/30000  loss 0.2174  grad 12.758  8.0 steps/s
step   1800/30000  loss 0.2225  grad 12.142  8.0 steps/s
step   1900/30000  loss 0.1689  grad 9.885  8.1 steps/s
step   2000/30000  loss 0.1624  grad 11.897  8.1 steps/s
step   2100/30000  loss 0.1448  grad 9.623  8.1 steps/s
step   2200/30000  loss 0.1369  grad 10.451  8.1 steps/s
step   2300/30000  loss 0.1362  grad 8.383  8.1 steps/s
step   2400/30000  loss 0.1255  grad 10.009  8.1 steps/s
step   2500/30000  loss 0.1098  grad 6.951  8.1 steps/s
step   2600/30000  loss 0.0987  grad 7.812  8.1 steps/s
step   2700/30000  loss 0.0916  grad 7.889  8.1 steps/s
step   2800/30000  loss 0.0917  grad 5.908  8.1 steps/s
step   2900/30000  loss 0.0879  grad 7.870  8.1 steps/s
step   3000/30000  loss 0.0918  grad 7.365  8.1 steps/s
step   3100/30000  loss 0.0953  grad 7.124  8.1 steps/s
step   3200/30000  loss 0.0847  grad 6.008  8.1 steps/s
step   3300/30000  loss 0.0733  grad 6.713  8.1 steps/s
step   3400/30000  loss 0.0688  grad 5.264  8.1 steps/s
step   3500/30000  loss 0.0715  grad 6.303  8.1 steps/s
step   3600/30000  loss 0.0660  grad 6.048  8.1 steps/s
step   3700/30000  loss 0.0643  grad 5.157  8.1 steps/s
step   3800/30000  loss 0.0681  grad 5.057  8.1 steps/s
step   3900/30000  loss 0.0568  grad 4.990  8.1 steps/s
step   4000/30000  loss 0.0686  grad 6.268  8.1 steps/s
step   4100/30000  loss 0.0610  grad 6.166  8.1 steps/s
step   4200/30000  loss 0.0599  grad 4.668  8.1 steps/s
step   4300/30000  loss 0.0533  grad 4.481  8.1 steps/s
step   4400/30000  loss 0.0553  grad 5.581  8.1 steps/s
step   4500/30000  loss 0.0584  grad 4.737  8.1 steps/s
step   4600/30000  loss 0.0508  grad 4.449  8.1 steps/s
step   4700/30000  loss 0.0540  grad 4.068  8.1 steps/s
step   4800/30000  loss 0.0461  grad 4.932  8.1 steps/s
step   4900/30000  loss 0.0523  grad 5.297  8.1 steps/s
step   5000/30000  loss 0.0499  grad 5.354  8.1 steps/s
saved checkpoint -> /home/linux5/sudhir/act/checkpoints/act_pickplace/step_0005000
step   5100/30000  loss 0.0435  grad 4.544  8.1 steps/s
step   5200/30000  loss 0.0460  grad 4.742  8.1 steps/s
step   5300/30000  loss 0.0444  grad 4.249  8.1 steps/s
step   5400/30000  loss 0.0396  grad 4.122  8.1 steps/s
step   5500/30000  loss 0.0424  grad 4.440  8.1 steps/s
step   5600/30000  loss 0.0383  grad 4.469  8.1 steps/s
step   5700/30000  loss 0.0402  grad 4.381  8.1 steps/s
step   5800/30000  loss 0.0386  grad 3.937  8.1 steps/s
step   5900/30000  loss 0.0362  grad 3.016  8.1 steps/s
step   6000/30000  loss 0.0354  grad 3.804  8.1 steps/s
step   6100/30000  loss 0.0336  grad 4.683  8.1 steps/s
step   6200/30000  loss 0.0360  grad 4.090  8.1 steps/s
step   6300/30000  loss 0.0349  grad 3.257  8.1 steps/s
step   6400/30000  loss 0.0328  grad 3.663  8.1 steps/s
step   6500/30000  loss 0.0362  grad 3.691  8.1 steps/s
step   6600/30000  loss 0.0330  grad 3.353  8.1 steps/s
step   6700/30000  loss 0.0297  grad 3.530  8.1 steps/s
step   6800/30000  loss 0.0298  grad 3.299  8.1 steps/s
step   6900/30000  loss 0.0282  grad 3.919  8.1 steps/s
step   7000/30000  loss 0.0312  grad 3.535  8.1 steps/s
step   7100/30000  loss 0.0279  grad 2.602  8.1 steps/s
step   7200/30000  loss 0.0297  grad 3.621  8.1 steps/s
step   7300/30000  loss 0.0314  grad 2.803  8.1 steps/s
step   7400/30000  loss 0.0284  grad 3.813  8.1 steps/s
step   7500/30000  loss 0.0305  grad 3.329  8.1 steps/s
step   7600/30000  loss 0.0297  grad 3.598  8.1 steps/s
step   7700/30000  loss 0.0289  grad 2.585  8.1 steps/s
step   7800/30000  loss 0.0257  grad 3.148  8.1 steps/s
step   7900/30000  loss 0.0267  grad 2.878  8.1 steps/s
step   8000/30000  loss 0.0246  grad 2.783  8.1 steps/s
step   8100/30000  loss 0.0232  grad 2.923  8.1 steps/s
step   8200/30000  loss 0.0255  grad 3.279  8.1 steps/s
step   8300/30000  loss 0.0257  grad 2.822  8.1 steps/s
step   8400/30000  loss 0.0235  grad 2.810  8.1 steps/s
step   8500/30000  loss 0.0211  grad 2.410  8.1 steps/s
step   8600/30000  loss 0.0287  grad 2.446  8.1 steps/s
step   8700/30000  loss 0.0235  grad 2.353  8.1 steps/s
step   8800/30000  loss 0.0221  grad 2.138  8.1 steps/s
step   8900/30000  loss 0.0245  grad 2.588  8.1 steps/s
step   9000/30000  loss 0.0220  grad 2.455  8.1 steps/s
step   9100/30000  loss 0.0215  grad 2.002  8.1 steps/s
step   9200/30000  loss 0.0227  grad 2.608  8.1 steps/s
step   9300/30000  loss 0.0242  grad 2.032  8.1 steps/s
step   9400/30000  loss 0.0240  grad 2.156  8.1 steps/s
step   9500/30000  loss 0.0204  grad 2.098  8.1 steps/s
step   9600/30000  loss 0.0231  grad 2.477  8.1 steps/s
step   9700/30000  loss 0.0230  grad 1.881  8.1 steps/s
step   9800/30000  loss 0.0185  grad 2.607  8.1 steps/s
step   9900/30000  loss 0.0176  grad 1.980  8.1 steps/s
step  10000/30000  loss 0.0184  grad 2.392  8.1 steps/s
saved checkpoint -> /home/linux5/sudhir/act/checkpoints/act_pickplace/step_0010000
step  10100/30000  loss 0.0220  grad 1.699  8.1 steps/s
step  10200/30000  loss 0.0241  grad 2.260  8.1 steps/s
step  10300/30000  loss 0.0177  grad 2.218  8.1 steps/s
step  10400/30000  loss 0.0207  grad 2.075  8.1 steps/s
step  10500/30000  loss 0.0201  grad 2.185  8.1 steps/s
step  10600/30000  loss 0.0191  grad 1.974  8.1 steps/s
step  10700/30000  loss 0.0193  grad 2.167  8.1 steps/s
step  10800/30000  loss 0.0193  grad 1.915  8.1 steps/s
step  10900/30000  loss 0.0194  grad 1.532  8.1 steps/s
step  11000/30000  loss 0.0201  grad 1.734  8.1 steps/s
step  11100/30000  loss 0.0190  grad 2.309  8.1 steps/s
step  11200/30000  loss 0.0181  grad 2.024  8.1 steps/s
step  11300/30000  loss 0.0163  grad 1.801  8.1 steps/s
step  11400/30000  loss 0.0170  grad 2.061  8.1 steps/s
step  11500/30000  loss 0.0191  grad 2.078  8.1 steps/s
step  11600/30000  loss 0.0198  grad 2.082  8.1 steps/s
step  11700/30000  loss 0.0195  grad 1.529  8.1 steps/s
step  11800/30000  loss 0.0148  grad 1.603  8.1 steps/s
step  11900/30000  loss 0.0142  grad 1.424  8.1 steps/s
step  12000/30000  loss 0.0169  grad 1.798  8.1 steps/s
step  12100/30000  loss 0.0162  grad 1.612  8.1 steps/s
step  12200/30000  loss 0.0170  grad 1.302  8.1 steps/s
step  12300/30000  loss 0.0161  grad 1.447  8.1 steps/s
step  12400/30000  loss 0.0154  grad 1.834  8.1 steps/s
step  12500/30000  loss 0.0149  grad 1.525  8.1 steps/s
step  12600/30000  loss 0.0173  grad 1.699  8.1 steps/s
step  12700/30000  loss 0.0194  grad 1.472  8.1 steps/s
step  12800/30000  loss 0.0169  grad 1.695  8.1 steps/s
step  12900/30000  loss 0.0133  grad 1.333  8.1 steps/s
step  13000/30000  loss 0.0139  grad 1.465  8.1 steps/s
step  13100/30000  loss 0.0156  grad 1.496  8.1 steps/s
step  13200/30000  loss 0.0159  grad 1.532  8.1 steps/s
step  13300/30000  loss 0.0160  grad 1.731  8.1 steps/s
step  13400/30000  loss 0.0180  grad 1.545  8.1 steps/s
step  13500/30000  loss 0.0150  grad 1.629  8.1 steps/s
step  13600/30000  loss 0.0161  grad 1.347  8.1 steps/s
step  13700/30000  loss 0.0156  grad 1.330  8.1 steps/s
step  13800/30000  loss 0.0124  grad 1.485  8.1 steps/s
step  13900/30000  loss 0.0137  grad 1.315  8.1 steps/s
step  14000/30000  loss 0.0164  grad 1.362  8.1 steps/s
step  14100/30000  loss 0.0132  grad 1.323  8.1 steps/s
step  14200/30000  loss 0.0148  grad 1.291  8.1 steps/s
step  14300/30000  loss 0.0154  grad 1.623  8.1 steps/s
step  14400/30000  loss 0.0123  grad 1.198  8.1 steps/s
step  14500/30000  loss 0.0161  grad 1.623  8.1 steps/s
step  14600/30000  loss 0.0144  grad 1.281  8.1 steps/s
step  14700/30000  loss 0.0147  grad 1.414  8.1 steps/s
step  14800/30000  loss 0.0123  grad 1.545  8.1 steps/s
step  14900/30000  loss 0.0141  grad 1.538  8.1 steps/s
step  15000/30000  loss 0.0134  grad 1.377  8.1 steps/s
saved checkpoint -> /home/linux5/sudhir/act/checkpoints/act_pickplace/step_0015000
step  15100/30000  loss 0.0125  grad 1.427  8.1 steps/s
step  15200/30000  loss 0.0148  grad 1.350  8.1 steps/s
step  15300/30000  loss 0.0150  grad 1.513  8.1 steps/s
step  15400/30000  loss 0.0144  grad 1.271  8.1 steps/s
step  15500/30000  loss 0.0136  grad 1.410  8.1 steps/s
step  15600/30000  loss 0.0131  grad 1.279  8.1 steps/s
step  15700/30000  loss 0.0124  grad 1.287  8.1 steps/s
step  15800/30000  loss 0.0141  grad 1.433  8.1 steps/s
step  15900/30000  loss 0.0126  grad 1.262  8.1 steps/s
step  16000/30000  loss 0.0142  grad 1.235  8.1 steps/s
step  16100/30000  loss 0.0130  grad 1.391  8.1 steps/s
step  16200/30000  loss 0.0127  grad 1.200  8.1 steps/s
step  16300/30000  loss 0.0127  grad 1.312  8.1 steps/s
step  16400/30000  loss 0.0114  grad 1.261  8.1 steps/s
step  16500/30000  loss 0.0122  grad 1.026  8.1 steps/s
step  16600/30000  loss 0.0133  grad 1.392  8.1 steps/s
step  16700/30000  loss 0.0129  grad 1.269  8.1 steps/s
step  16800/30000  loss 0.0139  grad 1.138  8.1 steps/s
step  16900/30000  loss 0.0146  grad 1.211  8.1 steps/s
step  17000/30000  loss 0.0116  grad 1.407  8.1 steps/s
step  17100/30000  loss 0.0116  grad 1.238  8.1 steps/s
step  17200/30000  loss 0.0116  grad 1.042  8.1 steps/s
step  17300/30000  loss 0.0127  grad 1.308  8.1 steps/s
step  17400/30000  loss 0.0122  grad 1.189  8.1 steps/s
step  17500/30000  loss 0.0121  grad 1.188  8.1 steps/s
step  17600/30000  loss 0.0142  grad 1.170  8.1 steps/s
step  17700/30000  loss 0.0114  grad 1.076  8.1 steps/s
step  17800/30000  loss 0.0118  grad 1.157  8.1 steps/s
step  17900/30000  loss 0.0113  grad 1.050  8.1 steps/s
step  18000/30000  loss 0.0156  grad 1.347  8.1 steps/s
step  18100/30000  loss 0.0134  grad 1.202  8.1 steps/s
step  18200/30000  loss 0.0162  grad 1.171  8.1 steps/s
step  18300/30000  loss 0.0133  grad 1.196  8.1 steps/s
step  18400/30000  loss 0.0133  grad 1.469  8.1 steps/s
step  18500/30000  loss 0.0127  grad 1.316  8.1 steps/s
step  18600/30000  loss 0.0114  grad 1.171  8.1 steps/s
step  18700/30000  loss 0.0105  grad 1.233  8.1 steps/s
step  18800/30000  loss 0.0092  grad 1.191  8.1 steps/s
step  18900/30000  loss 0.0096  grad 1.149  8.1 steps/s
step  19000/30000  loss 0.0121  grad 1.251  8.1 steps/s
step  19100/30000  loss 0.0122  grad 1.228  8.1 steps/s
step  19200/30000  loss 0.0105  grad 1.151  8.1 steps/s
step  19300/30000  loss 0.0117  grad 0.969  8.1 steps/s
step  19400/30000  loss 0.0114  grad 1.243  8.1 steps/s
step  19500/30000  loss 0.0126  grad 1.327  8.1 steps/s
step  19600/30000  loss 0.0096  grad 1.202  8.1 steps/s
step  19700/30000  loss 0.0102  grad 1.139  8.1 steps/s
step  19800/30000  loss 0.0126  grad 1.017  8.1 steps/s
step  19900/30000  loss 0.0093  grad 0.973  8.1 steps/s
step  20000/30000  loss 0.0099  grad 1.075  8.1 steps/s
saved checkpoint -> /home/linux5/sudhir/act/checkpoints/act_pickplace/step_0020000
step  20100/30000  loss 0.0107  grad 0.990  8.1 steps/s
step  20200/30000  loss 0.0098  grad 1.147  8.1 steps/s
step  20300/30000  loss 0.0107  grad 1.204  8.1 steps/s
step  20400/30000  loss 0.0111  grad 1.104  8.1 steps/s
step  20500/30000  loss 0.0103  grad 1.010  8.1 steps/s
step  20600/30000  loss 0.0100  grad 1.146  8.1 steps/s
step  20700/30000  loss 0.0101  grad 1.317  8.1 steps/s
step  20800/30000  loss 0.0100  grad 1.104  8.1 steps/s
step  20900/30000  loss 0.0106  grad 0.936  8.1 steps/s
step  21000/30000  loss 0.0117  grad 0.949  8.1 steps/s
step  21100/30000  loss 0.0110  grad 0.865  8.1 steps/s
step  21200/30000  loss 0.0096  grad 0.845  8.1 steps/s
step  21300/30000  loss 0.0112  grad 1.231  8.1 steps/s
step  21400/30000  loss 0.0125  grad 1.101  8.1 steps/s
step  21500/30000  loss 0.0117  grad 1.207  8.1 steps/s
step  21600/30000  loss 0.0090  grad 0.972  8.1 steps/s
step  21700/30000  loss 0.0103  grad 1.037  8.1 steps/s
step  21800/30000  loss 0.0109  grad 1.120  8.1 steps/s
step  21900/30000  loss 0.0077  grad 1.132  8.1 steps/s
step  22000/30000  loss 0.0112  grad 1.074  8.1 steps/s
step  22100/30000  loss 0.0083  grad 1.085  8.1 steps/s
step  22200/30000  loss 0.0113  grad 1.030  8.1 steps/s
step  22300/30000  loss 0.0119  grad 1.340  8.1 steps/s
step  22400/30000  loss 0.0084  grad 1.061  8.1 steps/s
step  22500/30000  loss 0.0118  grad 1.219  8.1 steps/s
step  22600/30000  loss 0.0092  grad 1.077  8.1 steps/s
step  22700/30000  loss 0.0098  grad 1.193  8.1 steps/s
step  22800/30000  loss 0.0115  grad 1.263  8.1 steps/s
step  22900/30000  loss 0.0112  grad 1.169  8.1 steps/s
step  23000/30000  loss 0.0100  grad 1.238  8.1 steps/s
step  23100/30000  loss 0.0113  grad 1.078  8.1 steps/s
step  23200/30000  loss 0.0134  grad 1.152  8.1 steps/s
step  23300/30000  loss 0.0092  grad 0.932  8.1 steps/s
step  23400/30000  loss 0.0086  grad 1.221  8.1 steps/s
step  23500/30000  loss 0.0099  grad 1.056  8.1 steps/s
step  23600/30000  loss 0.0114  grad 1.080  8.1 steps/s
step  23700/30000  loss 0.0089  grad 1.255  8.1 steps/s
step  23800/30000  loss 0.0100  grad 0.796  8.1 steps/s
step  23900/30000  loss 0.0093  grad 1.015  8.1 steps/s
step  24000/30000  loss 0.0088  grad 1.039  8.1 steps/s
step  24100/30000  loss 0.0090  grad 1.135  8.1 steps/s
step  24200/30000  loss 0.0091  grad 0.963  8.1 steps/s
step  24300/30000  loss 0.0097  grad 1.075  8.1 steps/s
step  24400/30000  loss 0.0095  grad 0.991  8.1 steps/s
step  24500/30000  loss 0.0090  grad 1.003  8.1 steps/s
step  24600/30000  loss 0.0073  grad 1.204  8.1 steps/s
step  24700/30000  loss 0.0090  grad 0.897  8.1 steps/s
step  24800/30000  loss 0.0086  grad 0.799  8.1 steps/s
step  24900/30000  loss 0.0095  grad 1.093  8.1 steps/s
step  25000/30000  loss 0.0091  grad 0.942  8.1 steps/s
saved checkpoint -> /home/linux5/sudhir/act/checkpoints/act_pickplace/step_0025000
step  25100/30000  loss 0.0084  grad 0.970  8.1 steps/s
step  25200/30000  loss 0.0094  grad 1.207  8.1 steps/s
step  25300/30000  loss 0.0100  grad 0.944  8.1 steps/s
step  25400/30000  loss 0.0095  grad 0.927  8.1 steps/s
step  25500/30000  loss 0.0080  grad 1.292  8.1 steps/s
step  25600/30000  loss 0.0115  grad 1.039  8.1 steps/s
step  25700/30000  loss 0.0083  grad 1.044  8.1 steps/s
step  25800/30000  loss 0.0101  grad 1.020  8.1 steps/s
step  25900/30000  loss 0.0112  grad 1.013  8.1 steps/s
step  26000/30000  loss 0.0088  grad 1.196  8.1 steps/s
step  26100/30000  loss 0.0094  grad 1.016  8.1 steps/s
step  26200/30000  loss 0.0079  grad 1.052  8.1 steps/s
step  26300/30000  loss 0.0081  grad 1.197  8.1 steps/s
step  26400/30000  loss 0.0082  grad 0.950  8.1 steps/s
step  26500/30000  loss 0.0082  grad 0.880  8.1 steps/s
step  26600/30000  loss 0.0083  grad 0.994  8.1 steps/s
step  26700/30000  loss 0.0082  grad 1.096  8.1 steps/s
step  26800/30000  loss 0.0086  grad 0.955  8.1 steps/s
step  26900/30000  loss 0.0076  grad 0.895  8.1 steps/s
step  27000/30000  loss 0.0078  grad 0.914  8.1 steps/s
step  27100/30000  loss 0.0101  grad 1.023  8.1 steps/s
step  27200/30000  loss 0.0091  grad 1.091  8.1 steps/s
step  27300/30000  loss 0.0083  grad 0.853  8.1 steps/s
step  27400/30000  loss 0.0082  grad 0.940  8.1 steps/s
step  27500/30000  loss 0.0073  grad 0.849  8.1 steps/s
step  27600/30000  loss 0.0069  grad 1.003  8.1 steps/s
step  27700/30000  loss 0.0079  grad 0.959  8.1 steps/s
step  27800/30000  loss 0.0074  grad 1.143  8.1 steps/s
step  27900/30000  loss 0.0077  grad 0.910  8.1 steps/s
step  28000/30000  loss 0.0083  grad 0.957  8.1 steps/s
step  28100/30000  loss 0.0074  grad 0.868  8.1 steps/s
step  28200/30000  loss 0.0088  grad 0.978  8.1 steps/s
step  28300/30000  loss 0.0090  grad 1.210  8.1 steps/s
step  28400/30000  loss 0.0074  grad 0.837  8.1 steps/s
step  28500/30000  loss 0.0092  grad 1.056  8.1 steps/s
step  28600/30000  loss 0.0074  grad 0.942  8.1 steps/s
step  28700/30000  loss 0.0102  grad 0.872  8.1 steps/s
step  28800/30000  loss 0.0072  grad 1.004  8.1 steps/s
step  28900/30000  loss 0.0093  grad 0.898  8.1 steps/s
step  29000/30000  loss 0.0087  grad 0.952  8.1 steps/s
step  29100/30000  loss 0.0101  grad 1.004  8.1 steps/s
step  29200/30000  loss 0.0070  grad 0.892  8.1 steps/s
step  29300/30000  loss 0.0095  grad 0.871  8.1 steps/s
step  29400/30000  loss 0.0091  grad 0.859  8.1 steps/s
step  29500/30000  loss 0.0066  grad 0.947  8.1 steps/s
step  29600/30000  loss 0.0068  grad 0.880  8.1 steps/s
step  29700/30000  loss 0.0073  grad 1.197  8.1 steps/s
step  29800/30000  loss 0.0072  grad 0.902  8.1 steps/s
step  29900/30000  loss 0.0083  grad 1.120  8.1 steps/s
step  30000/30000  loss 0.0078  grad 0.855  8.1 steps/s
saved checkpoint -> /home/linux5/sudhir/act/checkpoints/act_pickplace/step_0030000
final policy -> /home/linux5/sudhir/act/checkpoints/act_pickplace/last
